../Drivers/CMSIS/Include/core_cm4.h:1684:22:__NVIC_EnableIRQ	16	static,ignoring_inline_asm
../Core/Src/main.c:105:6:clearDisplay	16	static
../Core/Src/main.c:112:6:setDayMonthYear	40	static
../Core/Src/main.c:171:6:setTime	32	static
../Core/Src/main.c:217:6:displayRTC	8	static
../Core/Src/main.c:227:5:main	32	static
../Core/Src/main.c:869:6:SystemClock_Config	88	static
../Core/Src/main.c:909:13:MX_TIM7_Init	16	static
../Core/Src/main.c:946:13:MX_GPIO_Init	56	static
../Core/Src/main.c:1040:6:Error_Handler	4	static,ignoring_inline_asm
