../Drivers/CMSIS/Include/core_cm4.h:1684:22:__NVIC_EnableIRQ	2
../Core/Src/main.c:105:6:clearDisplay	2
../Core/Src/main.c:112:5:setDayMonthYear	8
../Core/Src/main.c:169:5:setTime	7
../Core/Src/main.c:214:6:displayRTC	1
../Core/Src/main.c:218:6:Display_Formatted_Date	1
../Core/Src/main.c:246:6:Display_Formatted_Time	1
../Core/Src/main.c:280:5:main	14
../Core/Src/main.c:969:6:SystemClock_Config	3
../Core/Src/main.c:1009:13:MX_TIM7_Init	3
../Core/Src/main.c:1046:13:MX_GPIO_Init	1
../Core/Src/main.c:1140:6:Error_Handler	1
